$ next build
â–² Next.js 16.3.3 (Turbopack)
âœ“ Running next.config.ts took 240ms

  Creating an optimized production build ...
âœ“ Compiled successfully in 12.7s
  Running TypeScript ...
  Finished TypeScript in 17.2s ...
  Collecting page data using 7 workers ...
  Generating static pages using 7 workers (0/6) ...
  Generating static pages using 7 workers (1/6)
  Generating static pages using 7 workers (2/6)
  Generating static pages using 7 workers (4/6)
âœ“ Generating static pages using 7 workers (6/6) in 1139ms
  Finalizing page optimization ...

Route (app)
â”Œ â—‹ /
â”œ â—‹ /_not-found
â”œ â—‹ /calls
â”œ â—‹ /health
â”” â—‹ /login


â—‹  (Static)  prerendered as static content
