// Vitest Snapshot v1, https://vitest.dev/guide/snapshot.html

exports[`produces valid OOXML with the report, real styles, A4 chapters and protected tables 1`] = `
[
  "Fictional call <&> report",
  "In this document",
  "Overview",
  "Call summary",
  "Call outcome",
  "Strengths",
  "Why it matters",
  "Development areas",
  "Moments",
  "Detailed source evidence",
  "Why this moment was effective",
  "Rewatch",
  "Rewatch",
  "Analysis",
  "Capability evidence",
  "Missed opportunities",
  "Prospect signal",
  "Seller response",
  "Suggested follow-up",
  "Potential impact",
  "Objections",
  "Closing analysis",
  "Prospect interpretation · inference",
  "Conversation change · inference",
  "Coaching",
  "What happened",
  "Why it matters",
  "Business impact · insufficient data",
  "Target",
  "Practice",
  "Final assessment",
  "Transcript appendix",
  "0:12–0:15 · Speaker not supplied",
  "0:26–0:30 · Speaker not supplied",
  "0:31–0:35 · Speaker not supplied",
]
`;

exports[`produces valid OOXML with the report, real styles, A4 chapters and protected tables 2`] = `
[
  [
    "Call details",
    "Source",
    "Source",
    "Synthetic display only · no recording",
    "Transcript revision",
    "synthetic-display-r1",
    "Review status",
    "Draft · not human-adjudicated",
  ],
  [
    "Overall verdictSynthetic display only. No next action was agreed in this example.",
  ],
  [
    "DiagnosisThe closer clarified a follow-up time.",
  ],
  [
    "Respect the buyer's boundaryThe seller acknowledged the decline without implying that a follow-up was scheduled.",
  ],
  [
    "Clarify timing earlierThe buyer mentioned uncertain timing. A neutral question could have clarified the concern before the conversation ended.",
  ],
  [
    "Timestamp",
    "Source quote",
    "Segment",
    "0:01–0:02",
    "कल timing discuss करूया.",
    "s1",
    "0:02–0:03",
    "Sure, which time works for you?",
    "s2",
    "0:03–0:04",
    "तीन बजे ठीक है, please send details.",
    "s3",
    "0:12–0:15",
    "Our timing is uncertain on this side.",
    "synthetic-concern",
    "0:26–0:30",
    "I don't want to set another step today. Please don't follow up.",
    "synthetic-boundary",
    "0:31–0:35",
    "Understood. I won't schedule a follow-up.",
    "synthetic-respect",
  ],
  [
    "Dimension",
    "Score",
    "Note",
    "Human Connection & Trust",
    "Not scored",
    "observed — The seller acknowledged the buyer's boundary and did not imply an agreed follow-up.",
    "Discovery & Deep Understanding",
    "Not scored",
    "observed — The buyer stated that timing was uncertain; the source does not establish why.",
    "Qualification",
    "Not scored",
    "insufficient evidence — This short synthetic exchange does not establish qualification details.",
    "Communication & Tonality",
    "Not scored",
    "unknown — No supported observation was supplied for the wider call's tonality.",
  ],
  [
    "Replacement behaviorAsk one question about the stated barrier.",
  ],
  [
    "Risk / ethics noteThis quoted question leaves the choice of time to the buyer.",
  ],
  [
    "Next-call focusIn a future conversation, ask one neutral question about timing before offering a plan.",
  ],
]
`;

exports[`produces valid OOXML with the report, real styles, A4 chapters and protected tables 3`] = `
[
  "Normal",
  "Title",
  "Heading1",
  "Heading2",
  "Heading3",
  "Heading4",
  "Heading5",
  "Heading6",
  "Strong",
  "ListParagraph",
  "Hyperlink",
  "FootnoteReference",
  "FootnoteText",
  "FootnoteTextChar",
  "EndnoteReference",
  "EndnoteText",
  "EndnoteTextChar",
  "BodyText",
  "Kicker",
  "Subtitle",
]
`;
